uannv@huannv:~/GitDemoConnect$ cd /đường/dẫn/đến/mikrotik-controller
git pull
npm install
npm run db:push
sudo systemctl restart mikrotik-controller
-bash: cd: /đường/dẫn/đến/mikrotik-controller: No such file or directory
Already up to date.
npm warn deprecated @esbuild-kit/esm-loader@2.6.5: Merged into tsx: https://tsx.is
npm warn deprecated @esbuild-kit/core-utils@3.3.2: Merged into tsx: https://tsx.is

added 480 packages, and audited 481 packages in 16s

61 packages are looking for funding
  run `npm fund` for details

8 moderate severity vulnerabilities

To address issues that do not require attention, run:
  npm audit fix

To address all issues (including breaking changes), run:
  npm audit fix --force

Run `npm audit` for details.
npm notice
npm notice New major version of npm available! 10.8.2 -> 11.2.0
npm notice Changelog: https://github.com/npm/cli/releases/tag/v11.2.0
npm notice To update run: npm install -g npm@11.2.0
npm notice

> rest-express@1.0.0 db:push
> drizzle-kit push

No config path provided, using default 'drizzle.config.ts'
Reading config file '/home/huannv/GitDemoConnect/drizzle.config.ts'
DATABASE_URL, ensure the database is provisioned
huannv@huannv:~/GitDemoConnect$ sudo chmod +x install.sh
huannv@huannv:~/GitDemoConnect$ sudo ./install.sh
===== Bắt đầu cài đặt hệ thống giám sát MikroTik Controller =====
===== Cập nhật hệ thống =====
Get:1 http://download.zerotier.com/debian/noble noble InRelease [20.5 kB]
Hit:2 https://deb.nodesource.com/node_20.x nodistro InRelease
Err:1 http://download.zerotier.com/debian/noble noble InRelease
  The following signatures couldn't be verified because the public key is not available: NO_PUBKEY 1657198823E52A61
Hit:3 http://security.ubuntu.com/ubuntu noble-security InRelease
Hit:4 http://archive.ubuntu.com/ubuntu noble InRelease
Hit:5 http://archive.ubuntu.com/ubuntu noble-updates InRelease
Hit:6 http://archive.ubuntu.com/ubuntu noble-backports InRelease
Hit:7 https://ppa.launchpadcontent.net/deadsnakes/ppa/ubuntu noble InRelease
Fetched 20.5 kB in 1s (15.3 kB/s)
Reading package lists... Done
Building dependency tree... Done
Reading state information... Done
1 package can be upgraded. Run 'apt list --upgradable' to see it.
W: An error occurred during the signature verification. The repository is not updated and the previous index files will be used. GPG error: http://download.zerotier.com/debian/noble noble InRelease: The following signatures couldn't be verified because the public key is not available: NO_PUBKEY 1657198823E52A61
W: Failed to fetch http://download.zerotier.com/debian/noble/dists/noble/InRelease  The following signatures couldn't be verified because the public key is not available: NO_PUBKEY 1657198823E52A61
W: Some index files failed to download. They have been ignored, or old ones used instead.
Reading package lists... Done
Building dependency tree... Done
Reading state information... Done
Calculating upgrade... Done
The following upgrades have been deferred due to phasing:
  ubuntu-drivers-common
0 upgraded, 0 newly installed, 0 to remove and 1 not upgraded.
===== Cài đặt các gói phụ thuộc =====
Reading package lists... Done
Building dependency tree... Done
Reading state information... Done
curl is already the newest version (8.5.0-2ubuntu10.6).
wget is already the newest version (1.21.4-1ubuntu4.1).
git is already the newest version (1:2.43.0-1ubuntu7.2).
build-essential is already the newest version (12.10ubuntu1).
ufw is already the newest version (0.36.2-6).
ufw set to manually installed.
0 upgraded, 0 newly installed, 0 to remove and 1 not upgraded.
✅ Các gói phụ thuộc đã được cài đặt
===== Cài đặt Node.js 20 =====
2025-03-26 00:13:40 - Installing pre-requisites
Get:1 http://download.zerotier.com/debian/noble noble InRelease [20.5 kB]
Hit:2 https://deb.nodesource.com/node_20.x nodistro InRelease
Err:1 http://download.zerotier.com/debian/noble noble InRelease
  The following signatures couldn't be verified because the public key is not available: NO_PUBKEY 1657198823E52A61
Hit:3 http://security.ubuntu.com/ubuntu noble-security InRelease
Hit:4 http://archive.ubuntu.com/ubuntu noble InRelease
Hit:5 http://archive.ubuntu.com/ubuntu noble-updates InRelease
Hit:6 http://archive.ubuntu.com/ubuntu noble-backports InRelease
Hit:7 https://ppa.launchpadcontent.net/deadsnakes/ppa/ubuntu noble InRelease
Fetched 20.5 kB in 1s (17.7 kB/s)
Reading package lists... Done
W: An error occurred during the signature verification. The repository is not updated and the previous index files will be used. GPG error: http://download.zerotier.com/debian/noble noble InRelease: The following signatures couldn't be verified because the public key is not available: NO_PUBKEY 1657198823E52A61
W: Failed to fetch http://download.zerotier.com/debian/noble/dists/noble/InRelease  The following signatures couldn't be verified because the public key is not available: NO_PUBKEY 1657198823E52A61
W: Some index files failed to download. They have been ignored, or old ones used instead.
Reading package lists... Done
Building dependency tree... Done
Reading state information... Done
apt-transport-https is already the newest version (2.7.14build2).
ca-certificates is already the newest version (20240203).
curl is already the newest version (8.5.0-2ubuntu10.6).
gnupg is already the newest version (2.4.4-2ubuntu17).
0 upgraded, 0 newly installed, 0 to remove and 1 not upgraded.
Get:1 http://download.zerotier.com/debian/noble noble InRelease [20.5 kB]
Err:1 http://download.zerotier.com/debian/noble noble InRelease
  The following signatures couldn't be verified because the public key is not available: NO_PUBKEY 1657198823E52A61
Hit:2 https://deb.nodesource.com/node_20.x nodistro InRelease
Hit:3 http://security.ubuntu.com/ubuntu noble-security InRelease
Hit:4 http://archive.ubuntu.com/ubuntu noble InRelease
Hit:5 http://archive.ubuntu.com/ubuntu noble-updates InRelease
Hit:6 http://archive.ubuntu.com/ubuntu noble-backports InRelease
Hit:7 https://ppa.launchpadcontent.net/deadsnakes/ppa/ubuntu noble InRelease
Fetched 20.5 kB in 1s (14.5 kB/s)
Reading package lists... Done
W: An error occurred during the signature verification. The repository is not updated and the previous index files will be used. GPG error: http://download.zerotier.com/debian/noble noble InRelease: The following signatures couldn't be verified because the public key is not available: NO_PUBKEY 1657198823E52A61
W: Failed to fetch http://download.zerotier.com/debian/noble/dists/noble/InRelease  The following signatures couldn't be verified because the public key is not available: NO_PUBKEY 1657198823E52A61
W: Some index files failed to download. They have been ignored, or old ones used instead.
2025-03-26 00:13:53 - Repository configured successfully.
2025-03-26 00:13:53 - To install Node.js, run: apt-get install nodejs -y
2025-03-26 00:13:53 - You can use N|solid Runtime as a node.js alternative
2025-03-26 00:13:53 - To install N|solid Runtime, run: apt-get install nsolid -y

Reading package lists... Done
Building dependency tree... Done
Reading state information... Done
nodejs is already the newest version (20.19.0-1nodesource1).
0 upgraded, 0 newly installed, 0 to remove and 1 not upgraded.
✅ Node.js đã được cài đặt: v20.19.0
===== Cài đặt PostgreSQL =====
Reading package lists... Done
Building dependency tree... Done
Reading state information... Done
postgresql is already the newest version (16+257build1.1).
postgresql-contrib is already the newest version (16+257build1.1).
0 upgraded, 0 newly installed, 0 to remove and 1 not upgraded.
===== Khởi động dịch vụ PostgreSQL =====
Synchronizing state of postgresql.service with SysV service script with /usr/lib/systemd/systemd-sysv-install.
Executing: /usr/lib/systemd/systemd-sysv-install enable postgresql
===== Cấu hình cơ sở dữ liệu PostgreSQL =====
ERROR:  role "mikrouser" already exists
⚠️ Người dùng PostgreSQL đã tồn tại
ERROR:  database "mikrotik_controller" already exists
⚠️ Cơ sở dữ liệu đã tồn tại
GRANT
ALTER ROLE
===== Tải mã nguồn từ GitHub =====
Thư mục mikrotik-controller đã tồn tại, đang xóa...
Cloning into 'mikrotik-controller'...
remote: Enumerating objects: 124, done.
remote: Counting objects: 100% (124/124), done.
remote: Compressing objects: 100% (106/106), done.
remote: Total 124 (delta 12), reused 121 (delta 12), pack-reused 0 (from 0)
Receiving objects: 100% (124/124), 856.28 KiB | 2.57 MiB/s, done.
Resolving deltas: 100% (12/12), done.
===== Cấu hình cổng ứng dụng =====
✅ Cổng ứng dụng đã được cấu hình: 3000
===== Cài đặt các phụ thuộc npm =====
npm warn deprecated @esbuild-kit/esm-loader@2.6.5: Merged into tsx: https://tsx.is
npm warn deprecated @esbuild-kit/core-utils@3.3.2: Merged into tsx: https://tsx.is

added 480 packages, and audited 481 packages in 10s

61 packages are looking for funding
  run `npm fund` for details

8 moderate severity vulnerabilities

To address issues that do not require attention, run:
  npm audit fix

To address all issues (including breaking changes), run:
  npm audit fix --force

Run `npm audit` for details.
===== Khởi tạo cơ sở dữ liệu =====

> rest-express@1.0.0 db:push
> drizzle-kit push

No config path provided, using default 'drizzle.config.ts'
Reading config file '/home/huannv/GitDemoConnect/mikrotik-controller/drizzle.config.ts'
Using 'pg' driver for database querying
[⣷] Pulling schema from database...
error: password authentication failed for user "mikrouser"
    at /home/huannv/GitDemoConnect/mikrotik-controller/node_modules/pg-pool/index.js:45:11
    at process.processTicksAndRejections (node:internal/process/task_queues:95:5)
    at async Object.query (/home/huannv/GitDemoConnect/mikrotik-controller/node_modules/drizzle-kit/bin.cjs:66575:26)
    at async fromDatabase2 (/home/huannv/GitDemoConnect/mikrotik-controller/node_modules/drizzle-kit/bin.cjs:18700:25) {
  length: 105,
  severity: 'FATAL',
  code: '28P01',
  detail: undefined,
  hint: undefined,
  position: undefined,
  internalPosition: undefined,
  internalQuery: undefined,
  where: undefined,
  schema: undefined,
  table: undefined,
  column: undefined,
  dataType: undefined,
  constraint: undefined,
  file: 'auth.c',
  line: '323',
  routine: 'auth_failed'
}
===== Cấu hình firewall =====
Rules updated
Rules updated (v6)
Status: inactive
===== Cấu hình dịch vụ systemd =====
===== Khởi động dịch vụ =====
===== Tạo script thêm thiết bị MikroTik =====
✅ Script thêm thiết bị đã được tạo: /usr/bin/add-mikrotik
===== Tạo script khởi động lại dịch vụ =====
✅ Script khởi động lại dịch vụ đã được tạo: /usr/bin/restart-mikrotik-controller
✅ Dịch vụ MikroTik Controller đang chạy

===== Cài đặt hoàn tất! =====
Hệ thống giám sát MikroTik Controller đã được cài đặt thành công.

Thông tin quan trọng:
- Truy cập ứng dụng tại: \033[0;32mhttp://192.168.1.165:3000\033[0m
- Thông tin cơ sở dữ liệu:
  - Tên DB: mikrotik_controller
  - Người dùng: mikrouser
  - Mật khẩu: 4mRQ86Gkv1TuuR8f

Các lệnh hữu ích:
- Thêm thiết bị MikroTik: \033[0;32madd-mikrotik\033[0m
- Khởi động lại dịch vụ: \033[0;32mrestart-mikrotik-controller\033[0m
- Kiểm tra trạng thái dịch vụ: \033[0;32msystemctl status mikrotik-controller\033[0m
- Xem log: \033[0;32mjournalctl -u mikrotik-controller -f\033[0m

Chúc mừng! Bạn đã cài đặt thành công hệ thống giám sát MikroTik Controller.
huannv@huannv:~/GitDemoConnect$ sudo systemctl restart mikrotik-controller
huannv@huannv:~/GitDemoConnect$ sudo systemctl status mikrotik-controller
● mikrotik-controller.service - MikroTik Controller Monitoring System
     Loaded: loaded (/etc/systemd/system/mikrotik-controller.service; enabled; preset: enabled)
     Active: active (running) since Wed 2025-03-26 00:14:40 +07; 13s ago
   Main PID: 419392 (npm run dev)
      Tasks: 62 (limit: 19070)
     Memory: 353.1M (peak: 357.4M)
        CPU: 4.421s
     CGroup: /system.slice/mikrotik-controller.service
             ├─419392 "npm run dev"
             ├─419403 sh -c "vite --port 3000"
             ├─419404 node /home/huannv/GitDemoConnect/mikrotik-controller/node_modules/.bin/vite --port 3000
             └─419419 /home/huannv/GitDemoConnect/mikrotik-controller/node_modules/vite/node_modules/@esbuild/linux-x64/bin/esbuild --se>

Mar 26 00:14:40 huannv systemd[1]: Started mikrotik-controller.service - MikroTik Controller Monitoring System.
Mar 26 00:14:40 huannv npm[419392]: > rest-express@1.0.0 dev
Mar 26 00:14:40 huannv npm[419392]: > vite --port 3000
Mar 26 00:14:41 huannv npm[419404]:   VITE v5.4.14  ready in 534 ms
Mar 26 00:14:41 huannv npm[419404]:   ➜  Local:   http://localhost:3000/
Mar 26 00:14:41 huannv npm[419404]:   ➜  Network: use --host to expose

huannv@huannv:~/GitDemoConnect$ sudo chmod +x add_mikrotik_device.sh
huannv@huannv:~/GitDemoConnect$ sudo ./add_mikrotik_device.sh
===== Thêm thiết bị MikroTik vào hệ thống giám sát =====
Địa chỉ máy chủ (mặc định localhost): 192.168.1.165
Cổng máy chủ (mặc định 3000):
Kiểm tra kết nối đến máy chủ 192.168.1.165:3000...
⚠️ Không thể kết nối đến máy chủ. Đảm bảo rằng:
  1. Dịch vụ đã được khởi động (systemctl status mikrotik-controller)
  2. Cổng 3000 đã được mở trong firewall
  3. Địa chỉ máy chủ chính xác

Bạn có muốn tiếp tục không? (y/n): y
Tên thiết bị: test
Địa chỉ IP thiết bị MikroTik: 192.168.1.253
Cổng API thiết bị MikroTik (mặc định 8728):
Tên đăng nhập thiết bị MikroTik: admin
Mật khẩu thiết bị MikroTik:
Đặt làm thiết bị mặc định? (y/n): y
===== Đang thêm thiết bị vào hệ thống =====
Thông tin thiết bị:
- Tên: test
- Địa chỉ IP: 192.168.1.253
- Cổng: 8728
- Người dùng: admin
- Mặc định: true
Đang gửi yêu cầu đến http://192.168.1.165:3000/api/connections
Đang thực hiện...
===== Lỗi kết nối =====
Không thể kết nối đến API. Mã lỗi: 3
Chi tiết:
Thông tin debug:


Vui lòng thực hiện các bước sau để kiểm tra:
1. Chạy 'curl -v http://192.168.1.165:3000/' để kiểm tra kết nối chung
2. Đảm bảo rằng dịch vụ đang chạy: 'systemctl status mikrotik-controller'
3. Kiểm tra logs: 'journalctl -u mikrotik-controller | tail -n 50'
